{"level":"info","message":"Database connected","timestamp":"2026-04-28T12:08:56.080Z"}
{"level":"info","message":"Redis connected","timestamp":"2026-04-28T12:08:56.105Z"}
{"code":"EPROTO","errno":-71,"level":"error","message":"Failed to start server: write EPROTO 4842EC538F740000:error:0A00010B:SSL routines:ssl3_get_record:wrong version number:../deps/openssl/openssl/ssl/record/ssl3_record.c:350:\n","stack":"Error: write EPROTO 4842EC538F740000:error:0A00010B:SSL routines:ssl3_get_record:wrong version number:../deps/openssl/openssl/ssl/record/ssl3_record.c:350:\n\n    at WriteWrap.onWriteComplete [as oncomplete] (node:internal/stream_base_commons:95:16)","syscall":"write","timestamp":"2026-04-28T12:08:56.199Z"}
{"level":"info","message":"Database connected","timestamp":"2026-04-28T12:08:57.509Z"}
{"level":"info","message":"Redis connected","timestamp":"2026-04-28T12:08:57.518Z"}
{"code":"EPROTO","errno":-71,"level":"error","message":"Failed to start server: write EPROTO 48526B22177D0000:error:0A00010B:SSL routines:ssl3_get_record:wrong version number:../deps/openssl/openssl/ssl/record/ssl3_record.c:350:\n","stack":"Error: write EPROTO 48526B22177D0000:error:0A00010B:SSL routines:ssl3_get_record:wrong version number:../deps/openssl/openssl/ssl/record/ssl3_record.c:350:\n\n    at WriteWrap.onWriteComplete [as oncomplete] (node:internal/stream_base_commons:95:16)","syscall":"write","timestamp":"2026-04-28T12:08:57.569Z"}
{"level":"info","message":"Database connected","timestamp":"2026-04-28T12:09:00.887Z"}
{"level":"info","message":"Redis connected","timestamp":"2026-04-28T12:09:00.896Z"}
{"code":"EPROTO","errno":-71,"level":"error","message":"Failed to start server: write EPROTO 48F2AFEB077D0000:error:0A00010B:SSL routines:ssl3_get_record:wrong version number:../deps/openssl/openssl/ssl/record/ssl3_record.c:350:\n","stack":"Error: write EPROTO 48F2AFEB077D0000:error:0A00010B:SSL routines:ssl3_get_record:wrong version number:../deps/openssl/openssl/ssl/record/ssl3_record.c:350:\n\n    at WriteWrap.onWriteComplete [as oncomplete] (node:internal/stream_base_commons:95:16)","syscall":"write","timestamp":"2026-04-28T12:09:00.951Z"}
{"level":"info","message":"Database connected","timestamp":"2026-04-28T12:09:02.367Z"}
{"level":"info","message":"Redis connected","timestamp":"2026-04-28T12:09:02.377Z"}
{"code":"EPROTO","errno":-71,"level":"error","message":"Failed to start server: write EPROTO 4872B94C8C730000:error:0A00010B:SSL routines:ssl3_get_record:wrong version number:../deps/openssl/openssl/ssl/record/ssl3_record.c:350:\n","stack":"Error: write EPROTO 4872B94C8C730000:error:0A00010B:SSL routines:ssl3_get_record:wrong version number:../deps/openssl/openssl/ssl/record/ssl3_record.c:350:\n\n    at WriteWrap.onWriteComplete [as oncomplete] (node:internal/stream_base_commons:95:16)","syscall":"write","timestamp":"2026-04-28T12:09:02.430Z"}
{"level":"info","message":"Database connected","timestamp":"2026-04-28T12:09:04.219Z"}
{"level":"info","message":"Redis connected","timestamp":"2026-04-28T12:09:04.230Z"}
{"code":"EPROTO","errno":-71,"level":"error","message":"Failed to start server: write EPROTO 48820B011D7C0000:error:0A00010B:SSL routines:ssl3_get_record:wrong version number:../deps/openssl/openssl/ssl/record/ssl3_record.c:350:\n","stack":"Error: write EPROTO 48820B011D7C0000:error:0A00010B:SSL routines:ssl3_get_record:wrong version number:../deps/openssl/openssl/ssl/record/ssl3_record.c:350:\n\n    at WriteWrap.onWriteComplete [as oncomplete] (node:internal/stream_base_commons:95:16)","syscall":"write","timestamp":"2026-04-28T12:09:04.282Z"}
{"level":"info","message":"Database connected","timestamp":"2026-04-28T12:09:06.905Z"}
{"level":"info","message":"Redis connected","timestamp":"2026-04-28T12:09:06.915Z"}
{"code":"EPROTO","errno":-71,"level":"error","message":"Failed to start server: write EPROTO 486256F34C7E0000:error:0A00010B:SSL routines:ssl3_get_record:wrong version number:../deps/openssl/openssl/ssl/record/ssl3_record.c:350:\n","stack":"Error: write EPROTO 486256F34C7E0000:error:0A00010B:SSL routines:ssl3_get_record:wrong version number:../deps/openssl/openssl/ssl/record/ssl3_record.c:350:\n\n    at WriteWrap.onWriteComplete [as oncomplete] (node:internal/stream_base_commons:95:16)","syscall":"write","timestamp":"2026-04-28T12:09:06.994Z"}
{"level":"info","message":"Database connected","timestamp":"2026-04-28T12:09:11.247Z"}
{"level":"info","message":"Redis connected","timestamp":"2026-04-28T12:09:11.258Z"}
{"code":"EPROTO","errno":-71,"level":"error","message":"Failed to start server: write EPROTO 48622F062D740000:error:0A00010B:SSL routines:ssl3_get_record:wrong version number:../deps/openssl/openssl/ssl/record/ssl3_record.c:350:\n","stack":"Error: write EPROTO 48622F062D740000:error:0A00010B:SSL routines:ssl3_get_record:wrong version number:../deps/openssl/openssl/ssl/record/ssl3_record.c:350:\n\n    at WriteWrap.onWriteComplete [as oncomplete] (node:internal/stream_base_commons:95:16)","syscall":"write","timestamp":"2026-04-28T12:09:11.312Z"}
{"level":"info","message":"Database connected","timestamp":"2026-04-28T12:09:18.734Z"}
{"level":"info","message":"Redis connected","timestamp":"2026-04-28T12:09:18.744Z"}
{"code":"EPROTO","errno":-71,"level":"error","message":"Failed to start server: write EPROTO 487278BCC4780000:error:0A00010B:SSL routines:ssl3_get_record:wrong version number:../deps/openssl/openssl/ssl/record/ssl3_record.c:350:\n","stack":"Error: write EPROTO 487278BCC4780000:error:0A00010B:SSL routines:ssl3_get_record:wrong version number:../deps/openssl/openssl/ssl/record/ssl3_record.c:350:\n\n    at WriteWrap.onWriteComplete [as oncomplete] (node:internal/stream_base_commons:95:16)","syscall":"write","timestamp":"2026-04-28T12:09:18.796Z"}
{"level":"info","message":"Database connected","timestamp":"2026-04-28T12:09:36.101Z"}
{"level":"info","message":"Redis connected","timestamp":"2026-04-28T12:09:36.115Z"}
{"code":"EPROTO","errno":-71,"level":"error","message":"Failed to start server: write EPROTO 48B216F6A3730000:error:0A00010B:SSL routines:ssl3_get_record:wrong version number:../deps/openssl/openssl/ssl/record/ssl3_record.c:350:\n","stack":"Error: write EPROTO 48B216F6A3730000:error:0A00010B:SSL routines:ssl3_get_record:wrong version number:../deps/openssl/openssl/ssl/record/ssl3_record.c:350:\n\n    at WriteWrap.onWriteComplete [as oncomplete] (node:internal/stream_base_commons:95:16)","syscall":"write","timestamp":"2026-04-28T12:09:36.198Z"}
{"level":"info","message":"Database connected","timestamp":"2026-04-28T12:10:03.696Z"}
{"level":"info","message":"Redis connected","timestamp":"2026-04-28T12:10:03.721Z"}
{"code":"EPROTO","errno":-71,"level":"error","message":"Failed to start server: write EPROTO 48D25F75B2710000:error:0A00010B:SSL routines:ssl3_get_record:wrong version number:../deps/openssl/openssl/ssl/record/ssl3_record.c:350:\n","stack":"Error: write EPROTO 48D25F75B2710000:error:0A00010B:SSL routines:ssl3_get_record:wrong version number:../deps/openssl/openssl/ssl/record/ssl3_record.c:350:\n\n    at WriteWrap.onWriteComplete [as oncomplete] (node:internal/stream_base_commons:95:16)","syscall":"write","timestamp":"2026-04-28T12:10:03.848Z"}
{"level":"info","message":"Database connected","timestamp":"2026-04-28T12:10:17.670Z"}
{"level":"info","message":"Redis connected","timestamp":"2026-04-28T12:10:17.687Z"}
{"level":"info","message":"Created bucket: cleaning-supervision","timestamp":"2026-04-28T12:10:17.910Z"}
{"level":"info","message":"🚀 Server running on port 3000","timestamp":"2026-04-28T12:10:17.921Z"}
{"level":"info","message":"📦 Environment: production","timestamp":"2026-04-28T12:10:17.922Z"}
{"level":"info","message":"🔒 RGPD compliance: enabled","timestamp":"2026-04-28T12:10:17.922Z"}
{"level":"info","message":"SIGTERM received, shutting down gracefully...","timestamp":"2026-04-28T12:23:42.155Z"}
{"level":"info","message":"Database connected","timestamp":"2026-04-28T12:24:57.408Z"}
{"level":"info","message":"Redis connected","timestamp":"2026-04-28T12:24:57.421Z"}
{"level":"info","message":"🚀 Server running on port 3000","timestamp":"2026-04-28T12:24:57.441Z"}
{"level":"info","message":"📦 Environment: production","timestamp":"2026-04-28T12:24:57.441Z"}
{"level":"info","message":"🔒 RGPD compliance: enabled","timestamp":"2026-04-28T12:24:57.442Z"}
{"level":"info","message":"SIGTERM received, shutting down gracefully...","timestamp":"2026-04-28T12:51:56.931Z"}
{"level":"info","message":"Database connected","timestamp":"2026-04-28T12:51:59.650Z"}
{"level":"info","message":"Redis connected","timestamp":"2026-04-28T12:51:59.661Z"}
{"level":"info","message":"🚀 Server running on port 3000","timestamp":"2026-04-28T12:51:59.679Z"}
{"level":"info","message":"📦 Environment: production","timestamp":"2026-04-28T12:51:59.679Z"}
{"level":"info","message":"🔒 RGPD compliance: enabled","timestamp":"2026-04-28T12:51:59.680Z"}
{"level":"info","message":"User admin@dzedze.app logged in","timestamp":"2026-04-28T12:52:47.038Z"}
{"level":"info","message":"SIGTERM received, shutting down gracefully...","timestamp":"2026-04-28T13:53:43.886Z"}
{"level":"info","message":"Database connected","timestamp":"2026-04-28T13:53:47.018Z"}
{"level":"info","message":"Redis connected","timestamp":"2026-04-28T13:53:49.872Z"}
{"level":"info","message":"🚀 Server running on port 3000","timestamp":"2026-04-28T13:53:49.912Z"}
{"level":"info","message":"📦 Environment: production","timestamp":"2026-04-28T13:53:49.913Z"}
{"level":"info","message":"🔒 RGPD compliance: enabled","timestamp":"2026-04-28T13:53:49.913Z"}
{"level":"info","message":"User admin@dzedze.app logged in","timestamp":"2026-04-28T13:54:16.318Z"}
{"level":"error","message":"Unhandled error: column \"anomalies\" does not exist","path":"/api/v1/missions/quality-trend","stack":"error: column \"anomalies\" does not exist\n    at /app/node_modules/pg-pool/index.js:45:11\n    at process.processTicksAndRejections (node:internal/process/task_queues:95:5)\n    at async getQualityTrend (/app/dist/controllers/mission.controller.js:167:24)","timestamp":"2026-04-28T13:54:16.583Z"}
{"level":"error","message":"Unhandled error: column \"anomalies\" does not exist","path":"/api/v1/missions/quality-trend","stack":"error: column \"anomalies\" does not exist\n    at /app/node_modules/pg-pool/index.js:45:11\n    at process.processTicksAndRejections (node:internal/process/task_queues:95:5)\n    at async getQualityTrend (/app/dist/controllers/mission.controller.js:167:24)","timestamp":"2026-04-28T13:54:17.542Z"}
{"level":"info","message":"User admin@dzedze.app logged in","timestamp":"2026-04-28T13:54:34.555Z"}
{"level":"info","message":"User admin@dzedze.app logged in","timestamp":"2026-04-28T13:54:46.835Z"}
{"level":"info","message":"User admin@dzedze.app logged in","timestamp":"2026-04-28T13:54:54.424Z"}
{"level":"info","message":"User admin@dzedze.app logged in","timestamp":"2026-04-28T13:55:05.447Z"}
{"level":"info","message":"User manager@dzedze.app logged in","timestamp":"2026-04-28T13:56:43.861Z"}
{"level":"error","message":"Unhandled error: column \"anomalies\" does not exist","path":"/api/v1/missions/quality-trend","stack":"error: column \"anomalies\" does not exist\n    at /app/node_modules/pg-pool/index.js:45:11\n    at process.processTicksAndRejections (node:internal/process/task_queues:95:5)\n    at async getQualityTrend (/app/dist/controllers/mission.controller.js:167:24)","timestamp":"2026-04-28T13:56:44.063Z"}
{"level":"error","message":"Unhandled error: column \"anomalies\" does not exist","path":"/api/v1/missions/quality-trend","stack":"error: column \"anomalies\" does not exist\n    at /app/node_modules/pg-pool/index.js:45:11\n    at process.processTicksAndRejections (node:internal/process/task_queues:95:5)\n    at async getQualityTrend (/app/dist/controllers/mission.controller.js:167:24)","timestamp":"2026-04-28T13:56:45.059Z"}
{"level":"info","message":"User agent@dzedze.app logged in","timestamp":"2026-04-28T13:57:28.146Z"}
{"level":"error","message":"Unhandled error: column \"anomalies\" does not exist","path":"/api/v1/missions/quality-trend","stack":"error: column \"anomalies\" does not exist\n    at /app/node_modules/pg-pool/index.js:45:11\n    at process.processTicksAndRejections (node:internal/process/task_queues:95:5)\n    at async getQualityTrend (/app/dist/controllers/mission.controller.js:167:24)","timestamp":"2026-04-28T13:57:28.354Z"}
{"level":"error","message":"Unhandled error: column \"anomalies\" does not exist","path":"/api/v1/missions/quality-trend","stack":"error: column \"anomalies\" does not exist\n    at /app/node_modules/pg-pool/index.js:45:11\n    at process.processTicksAndRejections (node:internal/process/task_queues:95:5)\n    at async getQualityTrend (/app/dist/controllers/mission.controller.js:167:24)","timestamp":"2026-04-28T13:57:29.324Z"}
{"level":"info","message":"SIGTERM received, shutting down gracefully...","timestamp":"2026-04-28T14:05:58.210Z"}
{"level":"info","message":"Database connected","timestamp":"2026-04-28T14:06:00.691Z"}
{"level":"info","message":"Redis connected","timestamp":"2026-04-28T14:06:00.714Z"}
{"level":"info","message":"🚀 Server running on port 3000","timestamp":"2026-04-28T14:06:00.748Z"}
{"level":"info","message":"📦 Environment: production","timestamp":"2026-04-28T14:06:00.748Z"}
{"level":"info","message":"🔒 RGPD compliance: enabled","timestamp":"2026-04-28T14:06:00.749Z"}
{"level":"info","message":"User agent@dzedze.app logged in","timestamp":"2026-04-28T14:09:40.605Z"}
{"level":"error","message":"Unhandled error: column \"anomalies\" does not exist","path":"/api/v1/missions/quality-trend","stack":"error: column \"anomalies\" does not exist\n    at /app/node_modules/pg-pool/index.js:45:11\n    at process.processTicksAndRejections (node:internal/process/task_queues:95:5)\n    at async getQualityTrend (/app/dist/controllers/mission.controller.js:167:24)","timestamp":"2026-04-28T14:09:40.733Z"}
{"level":"error","message":"Unhandled error: column \"anomalies\" does not exist","path":"/api/v1/missions/quality-trend","stack":"error: column \"anomalies\" does not exist\n    at /app/node_modules/pg-pool/index.js:45:11\n    at process.processTicksAndRejections (node:internal/process/task_queues:95:5)\n    at async getQualityTrend (/app/dist/controllers/mission.controller.js:167:24)","timestamp":"2026-04-28T14:09:41.706Z"}
{"level":"info","message":"User admin@dzedze.app logged in","timestamp":"2026-04-28T14:09:54.515Z"}
{"level":"error","message":"Unhandled error: column \"anomalies\" does not exist","path":"/api/v1/missions/quality-trend","stack":"error: column \"anomalies\" does not exist\n    at /app/node_modules/pg-pool/index.js:45:11\n    at process.processTicksAndRejections (node:internal/process/task_queues:95:5)\n    at async getQualityTrend (/app/dist/controllers/mission.controller.js:167:24)","timestamp":"2026-04-28T14:09:54.662Z"}
{"level":"info","message":"User admin@dzedze.app logged in","timestamp":"2026-04-28T14:10:01.008Z"}
{"level":"error","message":"Unhandled error: column \"anomalies\" does not exist","path":"/api/v1/missions/quality-trend","stack":"error: column \"anomalies\" does not exist\n    at /app/node_modules/pg-pool/index.js:45:11\n    at process.processTicksAndRejections (node:internal/process/task_queues:95:5)\n    at async getQualityTrend (/app/dist/controllers/mission.controller.js:167:24)","timestamp":"2026-04-28T14:10:01.108Z"}
{"level":"info","message":"User admin@dzedze.app logged in","timestamp":"2026-04-28T14:15:43.124Z"}
{"level":"info","message":"User admin@dzedze.app logged in","timestamp":"2026-04-28T14:16:24.457Z"}
{"level":"error","message":"Unhandled error: column \"anomalies\" does not exist","path":"/api/v1/missions/quality-trend","stack":"error: column \"anomalies\" does not exist\n    at /app/node_modules/pg-pool/index.js:45:11\n    at process.processTicksAndRejections (node:internal/process/task_queues:95:5)\n    at async getQualityTrend (/app/dist/controllers/mission.controller.js:167:24)","timestamp":"2026-04-28T14:16:24.672Z"}
{"level":"info","message":"SIGTERM received, shutting down gracefully...","timestamp":"2026-04-28T14:16:49.338Z"}
{"level":"info","message":"Database connected","timestamp":"2026-04-28T14:17:43.386Z"}
{"level":"info","message":"Redis connected","timestamp":"2026-04-28T14:17:43.403Z"}
{"level":"info","message":"🚀 Server running on port 3000","timestamp":"2026-04-28T14:17:43.429Z"}
{"level":"info","message":"📦 Environment: production","timestamp":"2026-04-28T14:17:43.430Z"}
{"level":"info","message":"🔒 RGPD compliance: enabled","timestamp":"2026-04-28T14:17:43.430Z"}
{"level":"info","message":"User admin@dzedze.app logged in","timestamp":"2026-04-28T14:17:46.315Z"}
{"level":"error","message":"Unhandled error: column \"anomalies\" does not exist","path":"/api/v1/missions/quality-trend","stack":"error: column \"anomalies\" does not exist\n    at /app/node_modules/pg-pool/index.js:45:11\n    at process.processTicksAndRejections (node:internal/process/task_queues:95:5)\n    at async getQualityTrend (/app/dist/controllers/mission.controller.js:167:24)","timestamp":"2026-04-28T14:17:46.499Z"}
{"level":"info","message":"SIGTERM received, shutting down gracefully...","timestamp":"2026-04-28T14:28:38.496Z"}
{"level":"info","message":"Database connected","timestamp":"2026-04-28T14:28:41.061Z"}
{"level":"info","message":"Redis connected","timestamp":"2026-04-28T14:28:41.075Z"}
{"level":"info","message":"🚀 Server running on port 3000","timestamp":"2026-04-28T14:28:41.096Z"}
{"level":"info","message":"📦 Environment: production","timestamp":"2026-04-28T14:28:41.096Z"}
{"level":"info","message":"🔒 RGPD compliance: enabled","timestamp":"2026-04-28T14:28:41.097Z"}
{"level":"info","message":"User admin@dzedze.app logged in","timestamp":"2026-04-28T14:28:44.417Z"}
{"level":"info","message":"User admin@dzedze.app logged in","timestamp":"2026-04-28T14:29:32.078Z"}
{"level":"info","message":"User admin@dzedze.app logged in","timestamp":"2026-04-28T14:29:49.475Z"}
{"level":"info","message":"SIGTERM received, shutting down gracefully...","timestamp":"2026-04-28T14:37:24.638Z"}
{"level":"info","message":"Database connected","timestamp":"2026-04-28T14:37:27.818Z"}
{"level":"info","message":"Redis connected","timestamp":"2026-04-28T14:37:27.838Z"}
{"level":"info","message":"🚀 Server running on port 3000","timestamp":"2026-04-28T14:37:27.866Z"}
{"level":"info","message":"📦 Environment: production","timestamp":"2026-04-28T14:37:27.867Z"}
{"level":"info","message":"🔒 RGPD compliance: enabled","timestamp":"2026-04-28T14:37:27.868Z"}
{"level":"info","message":"User admin@dzedze.app logged in","timestamp":"2026-04-28T14:37:29.848Z"}
{"level":"info","message":"User admin@dzedze.app logged in","timestamp":"2026-04-28T14:39:22.353Z"}
{"level":"info","message":"User agent@dzedze.app logged in","timestamp":"2026-04-28T14:40:21.731Z"}
{"level":"info","message":"SIGTERM received, shutting down gracefully...","timestamp":"2026-04-28T16:26:14.544Z"}
{"level":"info","message":"Database connected","timestamp":"2026-04-28T16:26:19.174Z"}
{"level":"info","message":"Redis connected","timestamp":"2026-04-28T16:26:19.208Z"}
{"level":"info","message":"🚀 Server running on port 3000","timestamp":"2026-04-28T16:26:19.270Z"}
{"level":"info","message":"📦 Environment: production","timestamp":"2026-04-28T16:26:19.271Z"}
{"level":"info","message":"🔒 RGPD compliance: enabled","timestamp":"2026-04-28T16:26:19.271Z"}
{"level":"info","message":"User agent@dzedze.app logged in","timestamp":"2026-04-28T16:29:52.023Z"}
{"level":"info","message":"User manager@dzedze.app logged in","timestamp":"2026-04-28T16:33:24.122Z"}
{"level":"info","message":"User manager@dzedze.app logged in","timestamp":"2026-04-28T16:45:41.528Z"}
{"level":"info","message":"User manager@dzedze.app logged in","timestamp":"2026-04-28T17:11:54.969Z"}
{"level":"info","message":"User admin@dzedze.app logged in","timestamp":"2026-04-28T17:12:14.720Z"}
{"level":"info","message":"SIGTERM received, shutting down gracefully...","timestamp":"2026-04-28T17:13:50.256Z"}
{"level":"info","message":"Database connected","timestamp":"2026-04-28T17:16:33.730Z"}
{"level":"info","message":"Redis connected","timestamp":"2026-04-28T17:16:33.779Z"}
{"level":"info","message":"🚀 Server running on port 3000","timestamp":"2026-04-28T17:16:33.869Z"}
{"level":"info","message":"📦 Environment: production","timestamp":"2026-04-28T17:16:33.869Z"}
{"level":"info","message":"🔒 RGPD compliance: enabled","timestamp":"2026-04-28T17:16:33.869Z"}
